
R version 3.2.2 (2015-08-14) -- "Fire Safety"
Copyright (C) 2015 The R Foundation for Statistical Computing
Platform: x86_64-pc-linux-gnu (64-bit)

R is free software and comes with ABSOLUTELY NO WARRANTY.
You are welcome to redistribute it under certain conditions.
Type 'license()' or 'licence()' for distribution details.

  Natural language support but running in an English locale

R is a collaborative project with many contributors.
Type 'contributors()' for more information and
'citation()' on how to cite R or R packages in publications.

Type 'demo()' for some demos, 'help()' for on-line help, or
'help.start()' for an HTML browser interface to help.
Type 'q()' to quit R.

> setwd("/nas02/home/k/y/kys6/matnut/src")
> source("~/matnut/src/matnut/parArgs.R")
> source("~/matnut/src/matnut/boxcox_functions.R")
Loading required package: Matrix
Loading required package: lme4

Attaching package: ‘lmerTest’

The following object is masked from ‘package:lme4’:

    lmer

The following object is masked from ‘package:stats’:

    step

Warning messages:
1: replacing previous import by ‘ggplot2::unit’ when loading ‘Hmisc’ 
2: replacing previous import by ‘ggplot2::arrow’ when loading ‘Hmisc’ 
3: replacing previous import by ‘scales::alpha’ when loading ‘Hmisc’ 
> lmerFunc <- "~/matnut/src/matnut/lmer_functions_rna.R"
> source(lmerFunc) 

Attaching package: ‘nlme’

The following object is masked from ‘package:lme4’:

    lmList

Loading required package: car
> cov_short <- readRDS("~/Data/matnut_outputs/cov_short_data.rds")
> library(car)
> 
> runLMER <- function(cov_short, rix, tryLam=c(0, 0.5)){
+   system.time ({
+     datause <- cov_short$df[which(paste(cov_short$df$RIX) == rix), ]
+     phenInd <- grep("ENS",colnames(datause))
+     fitLMER <- BC.model(y.mat=datause[,phenInd], data=datause[,-phenInd], 
+                         indvariable="~ PO + Diet", print=T, 
+                         transformParams=getMatnutTransformParams(tryLam = c(0, 0.5), normd = T))
+     lmerSum <- lmer.getDecodedSummary(lmerOb=fitLMER, formula="~ PO + Diet", phenotypes=fitLMER$phenotypes)
+     rnaseq[[j]] <- return(list(summary=lmerSum, lmerObj=fitLMER))
+   })
+ }
> 
> tmpdir = "~/job.tmp/"
> 
> system.type = "killdevil"
> 
> accum = parallel$get.cluster.accum(system.type       = system.type,
+                                    func = runLMER,
+                                    sharedVariables   = list(cov_short=cov_short),
+                                    
+                                    filesToSource     = lmerFunc,
+                                    batchSize         = 1,
+                                    timeLimit.hours   = .15,
+                                    cpuMemLimit.GB    = .5,
+                                    coresPerJob       = 1,
+                                    maxSimulJobs      = 100,
+                                    systemOpts        = c(),
+                                    outdir            = tmpdir,
+                                    retryFailing      = T,
+                                    saveProp          = T)
>  
> rixes <- unique(cov_short$df$RIX)
> seq <- seq(1:9)
> 
> for (i in seq){
+ 	accum$addCall(list(rix = rixes[i]))
+ }
> 
> outputs = accum$runAll()
[1] "running all jobs; temp files for debugging stored in ~/job.tmp///tmp/RtmpV7IAFZ_runLMER_2017-11-08_00:18:48"
Group   (-G) : kelkar_pi
Project (-P) : kelkar_pi
Memory Limit (-M) : 1 GB
Group   (-G) : kelkar_pi
Project (-P) : kelkar_pi
Memory Limit (-M) : 1 GB
Group   (-G) : kelkar_pi
Project (-P) : kelkar_pi
Memory Limit (-M) : 1 GB
Group   (-G) : kelkar_pi
Project (-P) : kelkar_pi
Memory Limit (-M) : 1 GB
Group   (-G) : kelkar_pi
Project (-P) : kelkar_pi
Memory Limit (-M) : 1 GB
Group   (-G) : kelkar_pi
Project (-P) : kelkar_pi
Memory Limit (-M) : 1 GB
Group   (-G) : kelkar_pi
Project (-P) : kelkar_pi
Memory Limit (-M) : 1 GB
Group   (-G) : kelkar_pi
Project (-P) : kelkar_pi
Memory Limit (-M) : 1 GB
Group   (-G) : kelkar_pi
Project (-P) : kelkar_pi
Memory Limit (-M) : 1 GB
[1] "submitted all jobs started at 2017-11-08_00:18:51"
[1] "sleeping untill the remaining 9 jobs are finished"
[1] "sleeping untill the remaining 9 jobs are finished"
[1] "sleeping untill the remaining 9 jobs are finished"
[1] "sleeping untill the remaining 9 jobs are finished"
[1] "sleeping untill the remaining 9 jobs are finished"
[1] "sleeping untill the remaining 9 jobs are finished"
[1] "sleeping untill the remaining 9 jobs are finished"
[1] "sleeping untill the remaining 9 jobs are finished"
[1] "sleeping untill the remaining 9 jobs are finished"
[1] "sleeping untill the remaining 9 jobs are finished"
[1] "sleeping untill the remaining 9 jobs are finished"
[1] "sleeping untill the remaining 9 jobs are finished"
[1] "sleeping untill the remaining 9 jobs are finished"
[1] "sleeping untill the remaining 9 jobs are finished"
[1] "sleeping untill the remaining 9 jobs are finished"
[1] "sleeping untill the remaining 9 jobs are finished"
[1] "sleeping untill the remaining 9 jobs are finished"
[1] "sleeping untill the remaining 9 jobs are finished"
[1] "sleeping untill the remaining 9 jobs are finished"
[1] "sleeping untill the remaining 9 jobs are finished"
[1] "sleeping untill the remaining 9 jobs are finished"
[1] "sleeping untill the remaining 9 jobs are finished"
[1] "sleeping untill the remaining 9 jobs are finished"
[1] "sleeping untill the remaining 9 jobs are finished"
[1] "sleeping untill the remaining 9 jobs are finished"
[1] "sleeping untill the remaining 9 jobs are finished"
[1] "sleeping untill the remaining 9 jobs are finished"
[1] "sleeping untill the remaining 9 jobs are finished"
[1] "sleeping untill the remaining 9 jobs are finished"
[1] "sleeping untill the remaining 9 jobs are finished"
[1] "sleeping untill the remaining 9 jobs are finished"
[1] "sleeping untill the remaining 9 jobs are finished"
[1] "sleeping untill the remaining 9 jobs are finished"
[1] "sleeping untill the remaining 9 jobs are finished"
[1] "sleeping untill the remaining 9 jobs are finished"
[1] "sleeping untill the remaining 9 jobs are finished"
[1] "sleeping untill the remaining 9 jobs are finished"
[1] "sleeping untill the remaining 9 jobs are finished"
[1] "sleeping untill the remaining 9 jobs are finished"
[1] "sleeping untill the remaining 9 jobs are finished"
[1] "sleeping untill the remaining 9 jobs are finished"
[1] "sleeping untill the remaining 9 jobs are finished"
[1] "sleeping untill the remaining 9 jobs are finished"
[1] "sleeping untill the remaining 9 jobs are finished"
[1] "sleeping untill the remaining 9 jobs are finished"
[1] "sleeping untill the remaining 9 jobs are finished"
[1] "sleeping untill the remaining 9 jobs are finished"
[1] "sleeping untill the remaining 9 jobs are finished"
[1] "sleeping untill the remaining 9 jobs are finished"
[1] "sleeping untill the remaining 9 jobs are finished"
[1] "sleeping untill the remaining 9 jobs are finished"
[1] "sleeping untill the remaining 9 jobs are finished"
[1] "sleeping untill the remaining 9 jobs are finished"
[1] "sleeping untill the remaining 9 jobs are finished"
[1] "sleeping untill the remaining 9 jobs are finished"
[1] "sleeping untill the remaining 9 jobs are finished"
[1] "sleeping untill the remaining 9 jobs are finished"
[1] "sleeping untill the remaining 9 jobs are finished"
[1] "sleeping untill the remaining 9 jobs are finished"
[1] "sleeping untill the remaining 9 jobs are finished"
[1] "sleeping untill the remaining 9 jobs are finished"
[1] "sleeping untill the remaining 9 jobs are finished"
[1] "sleeping untill the remaining 9 jobs are finished"
[1] "sleeping untill the remaining 9 jobs are finished"
[1] "sleeping untill the remaining 9 jobs are finished"
[1] "sleeping untill the remaining 9 jobs are finished"
[1] "sleeping untill the remaining 9 jobs are finished"
[1] "sleeping untill the remaining 9 jobs are finished"
[1] "sleeping untill the remaining 9 jobs are finished"
[1] "sleeping untill the remaining 9 jobs are finished"
[1] "sleeping untill the remaining 9 jobs are finished"
[1] "sleeping untill the remaining 9 jobs are finished"
[1] "sleeping untill the remaining 9 jobs are finished"
[1] "sleeping untill the remaining 9 jobs are finished"
[1] "sleeping untill the remaining 9 jobs are finished"
[1] "sleeping untill the remaining 9 jobs are finished"
[1] "sleeping untill the remaining 9 jobs are finished"
[1] "sleeping untill the remaining 9 jobs are finished"
[1] "sleeping untill the remaining 9 jobs are finished"
[1] "sleeping untill the remaining 9 jobs are finished"
[1] "sleeping untill the remaining 9 jobs are finished"
[1] "sleeping untill the remaining 9 jobs are finished"
[1] "sleeping untill the remaining 9 jobs are finished"
[1] "sleeping untill the remaining 9 jobs are finished"
[1] "sleeping untill the remaining 9 jobs are finished"
[1] "sleeping untill the remaining 9 jobs are finished"
[1] "sleeping untill the remaining 9 jobs are finished"
[1] "sleeping untill the remaining 9 jobs are finished"
[1] "sleeping untill the remaining 9 jobs are finished"
[1] "sleeping untill the remaining 9 jobs are finished"
[1] "sleeping untill the remaining 9 jobs are finished"
[1] "sleeping untill the remaining 9 jobs are finished"
[1] "sleeping untill the remaining 9 jobs are finished"
[1] "sleeping untill the remaining 9 jobs are finished"
[1] "sleeping untill the remaining 9 jobs are finished"
[1] "sleeping untill the remaining 9 jobs are finished"
[1] "sleeping untill the remaining 9 jobs are finished"
[1] "sleeping untill the remaining 9 jobs are finished"
[1] "sleeping untill the remaining 9 jobs are finished"
[1] "sleeping untill the remaining 9 jobs are finished"
[1] "sleeping untill the remaining 9 jobs are finished"
[1] "sleeping untill the remaining 9 jobs are finished"
[1] "sleeping untill the remaining 9 jobs are finished"
[1] "sleeping untill the remaining 9 jobs are finished"
[1] "sleeping untill the remaining 9 jobs are finished"
[1] "sleeping untill the remaining 9 jobs are finished"
[1] "sleeping untill the remaining 9 jobs are finished"
[1] "sleeping untill the remaining 9 jobs are finished"
[1] "sleeping untill the remaining 9 jobs are finished"
[1] "sleeping untill the remaining 9 jobs are finished"
[1] "sleeping untill the remaining 9 jobs are finished"
[1] "sleeping untill the remaining 9 jobs are finished"
[1] "sleeping untill the remaining 9 jobs are finished"
[1] "sleeping untill the remaining 9 jobs are finished"
[1] "sleeping untill the remaining 9 jobs are finished"
[1] "sleeping untill the remaining 9 jobs are finished"
[1] "sleeping untill the remaining 9 jobs are finished"
[1] "sleeping untill the remaining 9 jobs are finished"
[1] "sleeping untill the remaining 9 jobs are finished"
[1] "sleeping untill the remaining 9 jobs are finished"
[1] "sleeping untill the remaining 9 jobs are finished"
[1] "sleeping untill the remaining 9 jobs are finished"
[1] "sleeping untill the remaining 9 jobs are finished"
[1] "sleeping untill the remaining 9 jobs are finished"
[1] "sleeping untill the remaining 9 jobs are finished"
[1] "sleeping untill the remaining 9 jobs are finished"
[1] "sleeping untill the remaining 9 jobs are finished"
[1] "sleeping untill the remaining 9 jobs are finished"
[1] "sleeping untill the remaining 9 jobs are finished"
[1] "sleeping untill the remaining 9 jobs are finished"
[1] "sleeping untill the remaining 9 jobs are finished"
[1] "sleeping untill the remaining 9 jobs are finished"
[1] "sleeping untill the remaining 9 jobs are finished"
[1] "sleeping untill the remaining 9 jobs are finished"
[1] "sleeping untill the remaining 9 jobs are finished"
[1] "sleeping untill the remaining 9 jobs are finished"
[1] "sleeping untill the remaining 9 jobs are finished"
[1] "sleeping untill the remaining 9 jobs are finished"
[1] "sleeping untill the remaining 9 jobs are finished"
[1] "sleeping untill the remaining 9 jobs are finished"
[1] "sleeping untill the remaining 9 jobs are finished"
[1] "sleeping untill the remaining 9 jobs are finished"
[1] "sleeping untill the remaining 9 jobs are finished"
[1] "sleeping untill the remaining 9 jobs are finished"
[1] "sleeping untill the remaining 9 jobs are finished"
[1] "sleeping untill the remaining 9 jobs are finished"
[1] "sleeping untill the remaining 9 jobs are finished"
[1] "sleeping untill the remaining 9 jobs are finished"
[1] "sleeping untill the remaining 9 jobs are finished"
[1] "sleeping untill the remaining 9 jobs are finished"
[1] "sleeping untill the remaining 9 jobs are finished"
[1] "sleeping untill the remaining 9 jobs are finished"
[1] "sleeping untill the remaining 9 jobs are finished"
[1] "sleeping untill the remaining 9 jobs are finished"
[1] "sleeping untill the remaining 9 jobs are finished"
[1] "sleeping untill the remaining 9 jobs are finished"
[1] "sleeping untill the remaining 9 jobs are finished"
[1] "sleeping untill the remaining 9 jobs are finished"
[1] "sleeping untill the remaining 9 jobs are finished"
[1] "sleeping untill the remaining 9 jobs are finished"
[1] "sleeping untill the remaining 9 jobs are finished"
[1] "sleeping untill the remaining 9 jobs are finished"
[1] "sleeping untill the remaining 9 jobs are finished"
[1] "sleeping untill the remaining 9 jobs are finished"
[1] "sleeping untill the remaining 9 jobs are finished"
[1] "sleeping untill the remaining 9 jobs are finished"
[1] "sleeping untill the remaining 9 jobs are finished"
[1] "sleeping untill the remaining 9 jobs are finished"
[1] "sleeping untill the remaining 9 jobs are finished"
[1] "sleeping untill the remaining 9 jobs are finished"
[1] "sleeping untill the remaining 9 jobs are finished"
[1] "sleeping untill the remaining 9 jobs are finished"
[1] "sleeping untill the remaining 9 jobs are finished"
[1] "sleeping untill the remaining 9 jobs are finished"
[1] "sleeping untill the remaining 9 jobs are finished"
[1] "sleeping untill the remaining 9 jobs are finished"
[1] "sleeping untill the remaining 9 jobs are finished"
[1] "sleeping untill the remaining 9 jobs are finished"
[1] "sleeping untill the remaining 9 jobs are finished"
[1] "sleeping untill the remaining 9 jobs are finished"
[1] "sleeping untill the remaining 9 jobs are finished"
[1] "sleeping untill the remaining 9 jobs are finished"
[1] "sleeping untill the remaining 9 jobs are finished"
[1] "sleeping untill the remaining 9 jobs are finished"
[1] "sleeping untill the remaining 9 jobs are finished"
[1] "sleeping untill the remaining 9 jobs are finished"
[1] "sleeping untill the remaining 9 jobs are finished"
[1] "sleeping untill the remaining 9 jobs are finished"
[1] "sleeping untill the remaining 9 jobs are finished"
[1] "sleeping untill the remaining 8 jobs are finished"
[1] "sleeping untill the remaining 8 jobs are finished"
[1] "sleeping untill the remaining 8 jobs are finished"
[1] "sleeping untill the remaining 8 jobs are finished"
[1] "sleeping untill the remaining 8 jobs are finished"
[1] "sleeping untill the remaining 8 jobs are finished"
[1] "sleeping untill the remaining 8 jobs are finished"
[1] "sleeping untill the remaining 8 jobs are finished"
[1] "sleeping untill the remaining 8 jobs are finished"
[1] "sleeping untill the remaining 8 jobs are finished"
[1] "sleeping untill the remaining 8 jobs are finished"
[1] "sleeping untill the remaining 8 jobs are finished"
[1] "sleeping untill the remaining 8 jobs are finished"
[1] "sleeping untill the remaining 8 jobs are finished"
[1] "sleeping untill the remaining 8 jobs are finished"
[1] "sleeping untill the remaining 8 jobs are finished"
[1] "sleeping untill the remaining 7 jobs are finished"
[1] "sleeping untill the remaining 7 jobs are finished"
[1] "sleeping untill the remaining 7 jobs are finished"
[1] "sleeping untill the remaining 7 jobs are finished"
[1] "sleeping untill the remaining 7 jobs are finished"
[1] "sleeping untill the remaining 6 jobs are finished"
[1] "sleeping untill the remaining 6 jobs are finished"
[1] "sleeping untill the remaining 6 jobs are finished"
[1] "sleeping untill the remaining 6 jobs are finished"
[1] "sleeping untill the remaining 6 jobs are finished"
[1] "sleeping untill the remaining 6 jobs are finished"
[1] "sleeping untill the remaining 6 jobs are finished"
[1] "sleeping untill the remaining 6 jobs are finished"
[1] "sleeping untill the remaining 5 jobs are finished"
[1] "sleeping untill the remaining 5 jobs are finished"
[1] "sleeping untill the remaining 5 jobs are finished"
[1] "sleeping untill the remaining 5 jobs are finished"
[1] "sleeping untill the remaining 5 jobs are finished"
[1] "sleeping untill the remaining 5 jobs are finished"
[1] "sleeping untill the remaining 5 jobs are finished"
[1] "sleeping untill the remaining 5 jobs are finished"
[1] "sleeping untill the remaining 5 jobs are finished"
[1] "sleeping untill the remaining 5 jobs are finished"
[1] "sleeping untill the remaining 5 jobs are finished"
[1] "sleeping untill the remaining 5 jobs are finished"
[1] "sleeping untill the remaining 5 jobs are finished"
[1] "sleeping untill the remaining 5 jobs are finished"
[1] "sleeping untill the remaining 5 jobs are finished"
[1] "sleeping untill the remaining 5 jobs are finished"
[1] "sleeping untill the remaining 5 jobs are finished"
[1] "sleeping untill the remaining 5 jobs are finished"
[1] "sleeping untill the remaining 5 jobs are finished"
[1] "sleeping untill the remaining 5 jobs are finished"
[1] "sleeping untill the remaining 5 jobs are finished"
[1] "sleeping untill the remaining 5 jobs are finished"
[1] "sleeping untill the remaining 5 jobs are finished"
[1] "sleeping untill the remaining 5 jobs are finished"
[1] "sleeping untill the remaining 5 jobs are finished"
[1] "sleeping untill the remaining 5 jobs are finished"
[1] "done with jobs"
elapsed time is 3680.013000 seconds 
[1] "********************"
[1] "Failed entire batch:"
[1] "2017-11-08_00:18:51.1"
[1] "R CMD BATCH --no-save --no-restore '--args  ~/job.tmp///tmp/RtmpV7IAFZ_runLMER_2017-11-08_00:18:48/prop/prop_1 -I~/job.tmp///tmp/RtmpV7IAFZ_runLMER_2017-11-08_00:18:48/in/in_1' ./parallel/jobscript.R ~/job.tmp///tmp/RtmpV7IAFZ_runLMER_2017-11-08_00:18:48/ROut/out_1.ROut"
[1] "********************"
[1] "********************"
[1] "Failed entire batch:"
[1] "2017-11-08_00:18:51.2"
[1] "R CMD BATCH --no-save --no-restore '--args  ~/job.tmp///tmp/RtmpV7IAFZ_runLMER_2017-11-08_00:18:48/prop/prop_2 -I~/job.tmp///tmp/RtmpV7IAFZ_runLMER_2017-11-08_00:18:48/in/in_2' ./parallel/jobscript.R ~/job.tmp///tmp/RtmpV7IAFZ_runLMER_2017-11-08_00:18:48/ROut/out_2.ROut"
[1] "********************"
[1] "********************"
[1] "Failed entire batch:"
[1] "2017-11-08_00:18:51.3"
[1] "R CMD BATCH --no-save --no-restore '--args  ~/job.tmp///tmp/RtmpV7IAFZ_runLMER_2017-11-08_00:18:48/prop/prop_3 -I~/job.tmp///tmp/RtmpV7IAFZ_runLMER_2017-11-08_00:18:48/in/in_3' ./parallel/jobscript.R ~/job.tmp///tmp/RtmpV7IAFZ_runLMER_2017-11-08_00:18:48/ROut/out_3.ROut"
[1] "********************"
[1] "********************"
[1] "Failed entire batch:"
[1] "2017-11-08_00:18:51.4"
[1] "R CMD BATCH --no-save --no-restore '--args  ~/job.tmp///tmp/RtmpV7IAFZ_runLMER_2017-11-08_00:18:48/prop/prop_4 -I~/job.tmp///tmp/RtmpV7IAFZ_runLMER_2017-11-08_00:18:48/in/in_4' ./parallel/jobscript.R ~/job.tmp///tmp/RtmpV7IAFZ_runLMER_2017-11-08_00:18:48/ROut/out_4.ROut"
[1] "********************"
[1] "********************"
[1] "Failed entire batch:"
[1] "2017-11-08_00:18:51.5"
[1] "R CMD BATCH --no-save --no-restore '--args  ~/job.tmp///tmp/RtmpV7IAFZ_runLMER_2017-11-08_00:18:48/prop/prop_5 -I~/job.tmp///tmp/RtmpV7IAFZ_runLMER_2017-11-08_00:18:48/in/in_5' ./parallel/jobscript.R ~/job.tmp///tmp/RtmpV7IAFZ_runLMER_2017-11-08_00:18:48/ROut/out_5.ROut"
[1] "********************"
[1] "failures:5"
Group   (-G) : kelkar_pi
Project (-P) : kelkar_pi
Memory Limit (-M) : 1 GB
Group   (-G) : kelkar_pi
Project (-P) : kelkar_pi
Memory Limit (-M) : 1 GB
Group   (-G) : kelkar_pi
Project (-P) : kelkar_pi
Memory Limit (-M) : 1 GB
Group   (-G) : kelkar_pi
Project (-P) : kelkar_pi
Memory Limit (-M) : 1 GB
Group   (-G) : kelkar_pi
Project (-P) : kelkar_pi
Memory Limit (-M) : 1 GB
[1] "submitted all jobs started at 2017-11-08_01:20:11"
[1] "sleeping untill the remaining 5 jobs are finished"
[1] "sleeping untill the remaining 5 jobs are finished"
[1] "sleeping untill the remaining 5 jobs are finished"
[1] "sleeping untill the remaining 5 jobs are finished"
[1] "sleeping untill the remaining 5 jobs are finished"
[1] "sleeping untill the remaining 5 jobs are finished"
[1] "sleeping untill the remaining 5 jobs are finished"
[1] "sleeping untill the remaining 5 jobs are finished"
[1] "sleeping untill the remaining 5 jobs are finished"
[1] "sleeping untill the remaining 5 jobs are finished"
[1] "sleeping untill the remaining 5 jobs are finished"
[1] "sleeping untill the remaining 5 jobs are finished"
[1] "sleeping untill the remaining 5 jobs are finished"
[1] "sleeping untill the remaining 5 jobs are finished"
[1] "sleeping untill the remaining 5 jobs are finished"
[1] "sleeping untill the remaining 5 jobs are finished"
[1] "sleeping untill the remaining 5 jobs are finished"
[1] "sleeping untill the remaining 5 jobs are finished"
[1] "sleeping untill the remaining 5 jobs are finished"
[1] "sleeping untill the remaining 5 jobs are finished"
[1] "sleeping untill the remaining 5 jobs are finished"
[1] "sleeping untill the remaining 5 jobs are finished"
[1] "sleeping untill the remaining 5 jobs are finished"
[1] "sleeping untill the remaining 5 jobs are finished"
[1] "sleeping untill the remaining 5 jobs are finished"
[1] "sleeping untill the remaining 5 jobs are finished"
[1] "sleeping untill the remaining 5 jobs are finished"
[1] "sleeping untill the remaining 5 jobs are finished"
[1] "sleeping untill the remaining 5 jobs are finished"
[1] "sleeping untill the remaining 5 jobs are finished"
[1] "sleeping untill the remaining 5 jobs are finished"
[1] "sleeping untill the remaining 5 jobs are finished"
[1] "sleeping untill the remaining 5 jobs are finished"
[1] "sleeping untill the remaining 5 jobs are finished"
[1] "sleeping untill the remaining 5 jobs are finished"
[1] "sleeping untill the remaining 5 jobs are finished"
[1] "sleeping untill the remaining 5 jobs are finished"
[1] "sleeping untill the remaining 5 jobs are finished"
[1] "sleeping untill the remaining 5 jobs are finished"
[1] "sleeping untill the remaining 5 jobs are finished"
[1] "sleeping untill the remaining 5 jobs are finished"
[1] "sleeping untill the remaining 5 jobs are finished"
[1] "sleeping untill the remaining 5 jobs are finished"
[1] "sleeping untill the remaining 5 jobs are finished"
[1] "sleeping untill the remaining 5 jobs are finished"
[1] "sleeping untill the remaining 5 jobs are finished"
[1] "sleeping untill the remaining 5 jobs are finished"
[1] "sleeping untill the remaining 5 jobs are finished"
[1] "sleeping untill the remaining 5 jobs are finished"
[1] "sleeping untill the remaining 5 jobs are finished"
[1] "sleeping untill the remaining 5 jobs are finished"
[1] "sleeping untill the remaining 5 jobs are finished"
[1] "sleeping untill the remaining 5 jobs are finished"
[1] "sleeping untill the remaining 5 jobs are finished"
[1] "sleeping untill the remaining 5 jobs are finished"
[1] "sleeping untill the remaining 5 jobs are finished"
[1] "sleeping untill the remaining 5 jobs are finished"
[1] "sleeping untill the remaining 5 jobs are finished"
[1] "sleeping untill the remaining 5 jobs are finished"
[1] "sleeping untill the remaining 5 jobs are finished"
[1] "sleeping untill the remaining 5 jobs are finished"
[1] "sleeping untill the remaining 5 jobs are finished"
[1] "sleeping untill the remaining 5 jobs are finished"
[1] "sleeping untill the remaining 5 jobs are finished"
[1] "sleeping untill the remaining 5 jobs are finished"
[1] "sleeping untill the remaining 5 jobs are finished"
[1] "sleeping untill the remaining 5 jobs are finished"
[1] "sleeping untill the remaining 5 jobs are finished"
[1] "sleeping untill the remaining 5 jobs are finished"
[1] "sleeping untill the remaining 5 jobs are finished"
[1] "sleeping untill the remaining 5 jobs are finished"
[1] "sleeping untill the remaining 5 jobs are finished"
[1] "sleeping untill the remaining 5 jobs are finished"
[1] "sleeping untill the remaining 5 jobs are finished"
[1] "sleeping untill the remaining 5 jobs are finished"
[1] "sleeping untill the remaining 5 jobs are finished"
[1] "sleeping untill the remaining 5 jobs are finished"
[1] "sleeping untill the remaining 5 jobs are finished"
[1] "sleeping untill the remaining 5 jobs are finished"
[1] "sleeping untill the remaining 5 jobs are finished"
[1] "sleeping untill the remaining 5 jobs are finished"
[1] "sleeping untill the remaining 5 jobs are finished"
[1] "sleeping untill the remaining 5 jobs are finished"
[1] "sleeping untill the remaining 5 jobs are finished"
[1] "sleeping untill the remaining 5 jobs are finished"
[1] "sleeping untill the remaining 5 jobs are finished"
[1] "sleeping untill the remaining 5 jobs are finished"
[1] "sleeping untill the remaining 5 jobs are finished"
[1] "sleeping untill the remaining 5 jobs are finished"
[1] "sleeping untill the remaining 5 jobs are finished"
[1] "sleeping untill the remaining 5 jobs are finished"
[1] "sleeping untill the remaining 5 jobs are finished"
[1] "sleeping untill the remaining 5 jobs are finished"
[1] "sleeping untill the remaining 5 jobs are finished"
[1] "sleeping untill the remaining 5 jobs are finished"
[1] "sleeping untill the remaining 5 jobs are finished"
[1] "sleeping untill the remaining 5 jobs are finished"
[1] "sleeping untill the remaining 5 jobs are finished"
[1] "sleeping untill the remaining 5 jobs are finished"
[1] "sleeping untill the remaining 5 jobs are finished"
[1] "sleeping untill the remaining 5 jobs are finished"
[1] "sleeping untill the remaining 5 jobs are finished"
[1] "sleeping untill the remaining 5 jobs are finished"
[1] "sleeping untill the remaining 5 jobs are finished"
[1] "sleeping untill the remaining 5 jobs are finished"
[1] "sleeping untill the remaining 5 jobs are finished"
[1] "sleeping untill the remaining 5 jobs are finished"
[1] "sleeping untill the remaining 5 jobs are finished"
[1] "sleeping untill the remaining 5 jobs are finished"
[1] "sleeping untill the remaining 5 jobs are finished"
[1] "sleeping untill the remaining 5 jobs are finished"
[1] "sleeping untill the remaining 5 jobs are finished"
[1] "sleeping untill the remaining 5 jobs are finished"
[1] "sleeping untill the remaining 5 jobs are finished"
[1] "sleeping untill the remaining 5 jobs are finished"
[1] "sleeping untill the remaining 5 jobs are finished"
[1] "sleeping untill the remaining 5 jobs are finished"
[1] "sleeping untill the remaining 5 jobs are finished"
[1] "sleeping untill the remaining 5 jobs are finished"
[1] "sleeping untill the remaining 5 jobs are finished"
[1] "sleeping untill the remaining 5 jobs are finished"
[1] "sleeping untill the remaining 5 jobs are finished"
[1] "sleeping untill the remaining 5 jobs are finished"
[1] "sleeping untill the remaining 5 jobs are finished"
[1] "sleeping untill the remaining 5 jobs are finished"
[1] "sleeping untill the remaining 5 jobs are finished"
[1] "sleeping untill the remaining 5 jobs are finished"
[1] "sleeping untill the remaining 5 jobs are finished"
[1] "sleeping untill the remaining 5 jobs are finished"
[1] "sleeping untill the remaining 5 jobs are finished"
[1] "sleeping untill the remaining 5 jobs are finished"
[1] "sleeping untill the remaining 5 jobs are finished"
[1] "sleeping untill the remaining 5 jobs are finished"
[1] "sleeping untill the remaining 5 jobs are finished"
[1] "sleeping untill the remaining 5 jobs are finished"
[1] "sleeping untill the remaining 5 jobs are finished"
[1] "sleeping untill the remaining 5 jobs are finished"
[1] "sleeping untill the remaining 5 jobs are finished"
[1] "sleeping untill the remaining 5 jobs are finished"
[1] "sleeping untill the remaining 5 jobs are finished"
[1] "sleeping untill the remaining 5 jobs are finished"
[1] "sleeping untill the remaining 5 jobs are finished"
[1] "sleeping untill the remaining 5 jobs are finished"
[1] "sleeping untill the remaining 5 jobs are finished"
[1] "sleeping untill the remaining 5 jobs are finished"
[1] "sleeping untill the remaining 5 jobs are finished"
[1] "sleeping untill the remaining 5 jobs are finished"
[1] "sleeping untill the remaining 5 jobs are finished"
[1] "sleeping untill the remaining 5 jobs are finished"
[1] "sleeping untill the remaining 5 jobs are finished"
[1] "sleeping untill the remaining 5 jobs are finished"
[1] "sleeping untill the remaining 5 jobs are finished"
[1] "sleeping untill the remaining 5 jobs are finished"
[1] "sleeping untill the remaining 5 jobs are finished"
[1] "sleeping untill the remaining 5 jobs are finished"
[1] "sleeping untill the remaining 5 jobs are finished"
[1] "sleeping untill the remaining 5 jobs are finished"
[1] "sleeping untill the remaining 5 jobs are finished"
[1] "sleeping untill the remaining 5 jobs are finished"
[1] "sleeping untill the remaining 5 jobs are finished"
[1] "sleeping untill the remaining 5 jobs are finished"
[1] "sleeping untill the remaining 5 jobs are finished"
[1] "sleeping untill the remaining 5 jobs are finished"
[1] "sleeping untill the remaining 5 jobs are finished"
[1] "sleeping untill the remaining 5 jobs are finished"
[1] "sleeping untill the remaining 5 jobs are finished"
[1] "sleeping untill the remaining 5 jobs are finished"
[1] "sleeping untill the remaining 5 jobs are finished"
[1] "sleeping untill the remaining 5 jobs are finished"
[1] "sleeping untill the remaining 5 jobs are finished"
[1] "sleeping untill the remaining 5 jobs are finished"
[1] "sleeping untill the remaining 5 jobs are finished"
[1] "sleeping untill the remaining 5 jobs are finished"
[1] "sleeping untill the remaining 5 jobs are finished"
[1] "sleeping untill the remaining 5 jobs are finished"
[1] "sleeping untill the remaining 5 jobs are finished"
[1] "sleeping untill the remaining 5 jobs are finished"
[1] "sleeping untill the remaining 5 jobs are finished"
[1] "sleeping untill the remaining 5 jobs are finished"
[1] "sleeping untill the remaining 5 jobs are finished"
[1] "sleeping untill the remaining 5 jobs are finished"
[1] "sleeping untill the remaining 5 jobs are finished"
[1] "sleeping untill the remaining 5 jobs are finished"
[1] "sleeping untill the remaining 5 jobs are finished"
[1] "sleeping untill the remaining 5 jobs are finished"
[1] "sleeping untill the remaining 5 jobs are finished"
[1] "sleeping untill the remaining 5 jobs are finished"
[1] "sleeping untill the remaining 5 jobs are finished"
[1] "sleeping untill the remaining 5 jobs are finished"
[1] "sleeping untill the remaining 5 jobs are finished"
[1] "sleeping untill the remaining 5 jobs are finished"
[1] "sleeping untill the remaining 5 jobs are finished"
[1] "sleeping untill the remaining 5 jobs are finished"
[1] "sleeping untill the remaining 5 jobs are finished"
[1] "sleeping untill the remaining 5 jobs are finished"
[1] "sleeping untill the remaining 5 jobs are finished"
[1] "sleeping untill the remaining 5 jobs are finished"
[1] "sleeping untill the remaining 5 jobs are finished"
[1] "sleeping untill the remaining 5 jobs are finished"
[1] "sleeping untill the remaining 5 jobs are finished"
[1] "sleeping untill the remaining 5 jobs are finished"
[1] "sleeping untill the remaining 5 jobs are finished"
[1] "sleeping untill the remaining 5 jobs are finished"
[1] "sleeping untill the remaining 5 jobs are finished"
[1] "sleeping untill the remaining 5 jobs are finished"
[1] "sleeping untill the remaining 5 jobs are finished"
[1] "sleeping untill the remaining 5 jobs are finished"
[1] "sleeping untill the remaining 4 jobs are finished"
[1] "sleeping untill the remaining 4 jobs are finished"
[1] "sleeping untill the remaining 4 jobs are finished"
[1] "sleeping untill the remaining 4 jobs are finished"
[1] "sleeping untill the remaining 2 jobs are finished"
[1] "sleeping untill the remaining 2 jobs are finished"
[1] "sleeping untill the remaining 1 jobs are finished"
[1] "sleeping untill the remaining 1 jobs are finished"
[1] "sleeping untill the remaining 1 jobs are finished"
[1] "sleeping untill the remaining 1 jobs are finished"
[1] "sleeping untill the remaining 1 jobs are finished"
[1] "sleeping untill the remaining 1 jobs are finished"
[1] "sleeping untill the remaining 1 jobs are finished"
[1] "sleeping untill the remaining 1 jobs are finished"
[1] "sleeping untill the remaining 1 jobs are finished"
[1] "sleeping untill the remaining 1 jobs are finished"
[1] "done with jobs"
elapsed time is 3358.937000 seconds 
Warning messages:
1: running command 'grep -l  'Successfully completed.' ~/job.tmp///tmp/RtmpV7IAFZ_runLMER_2017-11-08_00:18:48/jobsubmit.outfiles/2017-11-08_00:18:51.1.job.out' had status 1 
2: running command 'grep -l  'Successfully completed.' ~/job.tmp///tmp/RtmpV7IAFZ_runLMER_2017-11-08_00:18:48/jobsubmit.outfiles/2017-11-08_00:18:51.2.job.out' had status 1 
3: running command 'grep -l  'Successfully completed.' ~/job.tmp///tmp/RtmpV7IAFZ_runLMER_2017-11-08_00:18:48/jobsubmit.outfiles/2017-11-08_00:18:51.3.job.out' had status 1 
4: running command 'grep -l  'Successfully completed.' ~/job.tmp///tmp/RtmpV7IAFZ_runLMER_2017-11-08_00:18:48/jobsubmit.outfiles/2017-11-08_00:18:51.4.job.out' had status 1 
5: running command 'grep -l  'Successfully completed.' ~/job.tmp///tmp/RtmpV7IAFZ_runLMER_2017-11-08_00:18:48/jobsubmit.outfiles/2017-11-08_00:18:51.5.job.out' had status 1 
> 
> iter = accum$getOutputIterator(outputs)
> 
> output_dir <- "~/Data/matnut_outputs/rna"
> counter=1
> 
> while(iter$hasNext())
+ {
+   item = iter$nextItem()
+   saveRDS(item, paste(output_dir, paste0("rnaseq_out2_",rixes[seq[counter]],".rds"), sep="/"))
+   counter=counter+1
+ }
> 
> proc.time()
    user   system  elapsed 
1119.119   17.896 8160.713 
